--- WARNING: GDB cannot open serial ports accessed as COMx

--- NOTE: Using \\.\COM10 instead...

--- esp-idf-monitor 1.10.0 on \\.\COM10 115200

--- Quit: Ctrl+] | Menu: Ctrl+T | Help: Ctrl+T followed by Ctrl+H

Executing action: monitor
Running idf_monitor in directory D:\ESPProject\guangheng_energy_companion
Executing "D:\Espressif\python_env\idf5.5_py3.11_env\Scripts\python.exe D:\Espressif\frameworks\esp-idf-v5.5.5\tools/idf_monitor.py -p COM10 -b 115200 --toolchain-prefix xtensa-esp32s3-elf- --target esp32s3 --revision 0 D:\ESPProject\guangheng_energy_companion\build-g2\guangheng_energy_companion.elf D:\ESPProject\guangheng_energy_companion\build-g2\bootloader\bootloader.elf --force-color -m 'D:\Espressif\python_env\idf5.5_py3.11_env\Scripts\python.exe' 'D:\Espressif\frameworks\esp-idf-v5.5.5\tools\idf.py' '-B' 'build-g2' '-p' 'COM10'"...
Build:Mar 27 2021

rst:0x15 (USB_UART_CHIP_RESET),boot:0x2b (SPI_FAST_FLASH_BOOT)

Saved PC:0x4038143a

--- 0x4038143a: esp_cpu_wait_for_intr at D:/Espressif/frameworks/esp-idf-v5.5.5/components/esp_hw_support/cpu.c:64

SPIWP:0xee

mode:DIO, clock div:1

load:0x3fce2820,len:0x14f0

load:0x403c8700,len:0xd24

--- 0x403c8700: _stext at ??:?

load:0x403cb700,len:0x2eec

entry 0x403c8924

--- 0x403c8924: call_start_cpu0 at D:/Espressif/frameworks/esp-idf-v5.5.5/components/bootloader/subproject/main/bootloader_start.c:27

I (24) boot: ESP-IDF v5.5.5 2nd stage bootloader

I (24) boot: compile time Sep 26 2026 01:53:03

I (25) boot: Multicore bootloader

I (25) boot: chip revision: v0.2

I (28) boot: efuse block revision: v1.4

I (31) boot.esp32s3: Boot SPI Speed : 80MHz

I (35) boot.esp32s3: SPI Mode       : DIO

I (39) boot.esp32s3: SPI Flash Size : 16MB

I (43) boot: Enabling RNG early entropy source...

I (47) boot: Partition Table:

I (50) boot: ## Label            Usage          Type ST Offset   Length

I (56) boot:  0 nvs              WiFi data        01 02 00009000 00006000

I (63) boot:  1 otadata          OTA data         01 00 0000f000 00002000

I (69) boot:  2 phy_init         RF data          01 01 00011000 00001000

I (76) boot:  3 ota_0            OTA app          00 10 00020000 00600000

I (82) boot:  4 ota_1            OTA app          00 11 00620000 00600000

I (89) boot:  5 storage          Unknown data     01 82 00c20000 003d0000

I (95) boot:  6 coredump         Unknown data     01 03 00ff0000 00010000

I (102) boot: End of partition table

I (105) esp_image: segment 0: paddr=00020020 vaddr=3c140020 size=1ad54ch (1758540) map

I (433) esp_image: segment 1: paddr=001cd574 vaddr=3fca3b00 size=02aa4h ( 10916) load

I (436) esp_image: segment 2: paddr=001d0020 vaddr=42000020 size=13b280h (1290880) map

I (673) esp_image: segment 3: paddr=0030b2a8 vaddr=3fca65a4 size=0300ch ( 12300) load

I (676) esp_image: segment 4: paddr=0030e2bc vaddr=40374000 size=1fa80h (129664) load

I (706) esp_image: segment 5: paddr=0032dd44 vaddr=50000000 size=00020h (    32) load

I (719) boot: Loaded app from partition at offset 0x20000

I (719) boot: Disabling RNG early entropy source...

I (729) octal_psram: vendor id    : 0x0d (AP)

I (729) octal_psram: dev id       : 0x02 (generation 3)

I (730) octal_psram: density      : 0x03 (64 Mbit)

I (731) octal_psram: good-die     : 0x01 (Pass)

I (736) octal_psram: Latency      : 0x01 (Fixed)

I (740) octal_psram: VCC          : 0x01 (3V)

I (744) octal_psram: SRF          : 0x01 (Fast Refresh)

I (749) octal_psram: BurstType    : 0x01 (Hybrid Wrap)

I (754) octal_psram: BurstLen     : 0x01 (32 Byte)

I (758) octal_psram: Readlatency  : 0x02 (10 cycles@Fixed)

I (764) octal_psram: DriveStrength: 0x00 (1/1)

I (768) MSPI Timing: Enter psram timing tuning

I (773) esp_psram: Found 8MB PSRAM device

I (776) esp_psram: Speed: 80MHz

I (779) cpu_start: Multicore app

I (1195) esp_psram: SPI SRAM memory test OK

I (1203) cpu_start: GPIO 44 and 43 are used as console UART I/O pins

I (1204) cpu_start: Pro cpu start user code

I (1204) cpu_start: cpu freq: 160000000 Hz

I (1206) app_init: Application information:

I (1209) app_init: Project name:     guangheng_energy_companion

I (1215) app_init: App version:      1

I (1219) app_init: Compile time:     Sep 26 2026 01:51:12

I (1224) app_init: ELF file SHA256:  16aafec8e...

I (1228) app_init: ESP-IDF:          v5.5.5

I (1232) efuse_init: Min chip rev:     v0.0

I (1236) efuse_init: Max chip rev:     v0.99 

I (1240) efuse_init: Chip rev:         v0.2

I (1244) heap_init: Initializing. RAM available for dynamic allocation:

I (1250) heap_init: At 3FCBEAF8 len 0002AC18 (171 KiB): RAM

I (1256) heap_init: At 3FCE9710 len 00005724 (21 KiB): RAM

I (1261) heap_init: At 3FCF0000 len 00008000 (32 KiB): DRAM

I (1266) heap_init: At 600FE000 len 00001FE8 (7 KiB): RTCRAM

I (1272) esp_psram: Adding pool of 8192K of PSRAM memory to heap allocator

I (1279) spi_flash: detected chip: generic

I (1282) spi_flash: flash io: dio

I (1285) sleep_gpio: Configure to isolate all GPIO pins in sleep state

I (1291) sleep_gpio: Enable automatic switching of GPIO sleep configuration

I (1307) main_task: Started on CPU0

I (1310) esp_psram: Reserving pool of 32K of internal memory for DMA/internal allocations

I (1318) main_task: Calling app_main()

I (1321) gh_hardware: ESP32-S3 Hardware-in-the-loop | ESP32-S3 Detected | PASS | model=ESP32-S3 revision=0.2 cores=2

I (1332) gh_hardware: ESP32-S3 Hardware-in-the-loop | ESP32-S3 Flash | PASS | size=16777216 bytes (16 MB)

I (1341) gh_hardware: ESP32-S3 Hardware-in-the-loop | ESP32-S3 PSRAM | PASS | size=8388608 bytes (8 MB)

I (1350) gh_hardware: ESP32-S3 Hardware-in-the-loop | ESP32-S3 MAC | PASS | 90:70:69:FE:A9:3C

I (1381) gh_main: Starting GuangHeng Energy Companion on Waveshare ESP32-S3-Touch-AMOLED-1.8

I (1384) LVGL: Starting LVGL task

I (1384) ESP32-S3-Touch-AMOLED-1.8: Initialize SPI bus

I (1387) co5300: version: 2.2.0

I (1389) co5300_spi: LCD panel create success, version: 2.2.0

W (1475) co5300_spi: The 3Ah command has been used and will be overwritten by external initialization sequence

W (1623) i2c.master: Please check pull-up resistances whether be connected properly. Otherwise unexpected behavior would happen. For more detailed information, please read docs

I (1629) ESP32-S3-Touch-AMOLED-1.8: Touch CST816S 0x15 found

I (1634) CST816S: IC id: 183

I (1637) gh_hardware: ESP32-S3 Hardware-in-the-loop | Board Variant Signal | PASS | touch=CST816S (V2-family signal); physical PCB revision label still required

I (2157) gh_ui: ESP32-S3 Hardware-in-the-loop | ESP32-S3 AMOLED First Frame | PASS | controller=CO5300 brightness=100

I (2177) QMI8658: QMI8658 initialized successfully

I (2300) gh_peripherals: ESP32-S3 Hardware-in-the-loop | ESP32-S3 QMI8658 Read | PASS | address=0x6B who_am_i=0x05 accel=-0.036,0.977,-10.543 gyro=6.531,3.992,4.156 temp=38.51 timestamp=9

I (2306) gh_peripherals: ESP32-S3 Hardware-in-the-loop | ESP32-S3 AXP2101 Read | PASS | address=0x34 chip_id=0x4A mode=read-only

I (2317) PCF85063A: PCF85063A initialized successfully

I (3422) gh_peripherals: ESP32-S3 Hardware-in-the-loop | ESP32-S3 PCF85063 Read | PASS | address=0x51 time=1970-01-10T00:07:45 ticking=true

I (3432) ES8311: Work in Slave mode

E (3435) i2s_common: i2s_channel_disable(1262): the channel has not been enabled yet

E (3436) i2s_common: i2s_channel_disable(1262): the channel has not been enabled yet

I (3442) I2S_IF: STD: TX, data_bit: 16, slot_bit: 16, ws_width: 16, slot_mode: MONO, slot_mask: 0x1

I (3450) I2S_IF: STD: TX, sample_rate_hz: 16000, mclk_multiple: 256, clk_src: 6

I (3457) I2S_IF: STD: RX, data_bit: 16, slot_bit: 16, ws_width: 16, slot_mode: MONO, slot_mask: 0x1

I (3466) I2S_IF: STD: RX, sample_rate_hz: 16000, mclk_multiple: 256, clk_src: 6

I (3491) Adev_Codec: Open codec device OK

I (3492) gh_audio: ESP32-S3 Hardware-in-the-loop | ESP32-S3 ES8311 Codec | PASS | address=0x30 sample_rate=16000 mode=full-duplex

I (4493) gh_audio: ESP32-S3 Hardware-in-the-loop | ESP32-S3 Board Microphone Capture | PASS | samples=16128 min=-32768 max=29545 span=62313 mean_absolute=15618

I (4496) gh_audio: ESP32-S3 Hardware-in-the-loop | ESP32-S3 Board Speaker Stream | PASS | frequency=880Hz volume=45 bytes=32256 audible_confirmation=pending

I (4512) pp: pp rom version: e7ae62f

I (4514) net80211: net80211 rom version: e7ae62f

I (4519) wifi:wifi driver task: 3fcd5a0c, prio:23, stack:6656, core=0

I (4534) wifi:wifi firmware version: b9f67df

I (4534) wifi:wifi certification version: v7.0

I (4534) wifi:config NVS flash: enabled

I (4536) wifi:config nano formatting: disabled

I (4540) wifi:Init data frame dynamic rx buffer num: 32

I (4545) wifi:Init static rx mgmt buffer num: 5

I (4549) wifi:Init management short buffer num: 32

I (4554) wifi:Init dynamic tx buffer num: 32

I (4558) wifi:Init static tx FG buffer num: 2

I (4562) wifi:Init static rx buffer size: 1600

I (4566) wifi:Init static rx buffer num: 10

I (4570) wifi:Init dynamic rx buffer num: 32

I (4575) wifi_init: rx ba win: 6

I (4577) wifi_init: accept mbox: 6

I (4580) wifi_init: tcpip mbox: 32

I (4583) wifi_init: udp mbox: 6

I (4586) wifi_init: tcp mbox: 6

I (4589) wifi_init: tcp tx win: 5760

I (4592) wifi_init: tcp rx win: 5760

I (4595) wifi_init: tcp mss: 1440

I (4598) wifi_init: WiFi IRAM OP enabled

I (4602) wifi_init: WiFi RX IRAM OP enabled

I (4608) phy_init: phy_version 712,87e8c20e,Apr 13 2026,18:51:10

I (4650) wifi:mode : sta (90:70:69:fe:a9:3c)

I (4650) wifi:enable tsf

I (4652) BLE_INIT: BT controller compile version [51d9dfd]

I (4655) BLE_INIT: Using main XTAL as clock source

I (4655) BLE_INIT: Feature Config, ADV:1, BLE_50:1, DTM:1, SCAN:1, CCA:0, SMP:1, CONNECT:1

I (4662) wifi:new:<8,2>, old:<1,0>, ap:<255,255>, sta:<8,2>, prof:1, snd_ch_cfg:0x0

I (4671) wifi:state: init -> auth (0xb0)

I (4676) BLE_INIT: Bluetooth MAC: 90:70:69:fe:a9:3e

I (4698) NimBLE: GAP procedure initiated: stop advertising.



I (4699) NimBLE: GAP procedure initiated: stop advertising.



I (4700) wifi:state: auth -> assoc (0x0)

I (4705) NimBLE: GAP procedure initiated: advertise; 

I (4706) NimBLE: disc_mode=2

I (4709) NimBLE:  adv_channel_map=0 own_addr_type=0 adv_filter_policy=0 adv_itvl_min=0 adv_itvl_max=0

I (4718) NimBLE: 



I (4721) gh_ble: ESP32-S3 encrypted BLE provisioning available

I (4726) main_task: Returned from app_main()

I (4729) wifi:I (4727) gh_app: ESP32-S3 Hardware-in-the-loop | ESP32-S3 AXP2101 Runtime Power | PASS | present=false percentage=unavailable voltage=unavailable charging=false

state: assoc -> run (0x10)

I (4885) wifi:connected with 607, aid = 21, channel 8, 40D, bssid = 34:f7:16:a6:36:ea

I (4886) wifi:security: WPA2-PSK, phy: bgn, rssi: -71, cipher(pairwise:0x3, group:0x3), pmf:0

I (4893) wifi:pm start, type: 1



I (4894) wifi:dp: 1, bi: 102400, li: 3, scale listen interval from 307200 us to 307200 us

I (4901) wifi:set rx beacon pti, rx_bcn_pti: 14, bcn_timeout: 25000, mt_pti: 14, mt_time: 10000

I (4953) wifi:AP's beacon interval = 102400 us, DTIM period = 1

W (5745) gh_app: Secure network not ready: ESP_ERR_TIMEOUT

W (5745) gh_app: ESP32-S3 snapshot stale=true last_successful_sync_at=0

I (6185) wifi:<ba-add>idx:0 (ifx:0, 34:f7:16:a6:36:ea), tid:0, ssn:4, winSize:64

I (6264) esp_netif_handlers: sta ip: 192.168.2.9, mask: 255.255.255.0, gw: 192.168.2.1

I (6265) gh_app: ESP32-S3 Wi-Fi connected; IPv4=192.168.2.9

I (10748) gh_app: ESP32-S3 SNTP time ready; UTC=2026-09-25T17:55:41Z

I (12516) esp-x509-crt-bundle: Certificate validated

I (13365) gh_backend: ESP32-S3 HTTPS request accepted: GET /api/v1/companion/snapshot status=200

I (13371) gh_backend: ESP32-S3 pending Action Set parsed; action_set_id=3 proposal_id=36 actions=4 status=PENDING expired=false

I (13374) gh_backend: ESP32-S3 backend snapshot received; source_mode=SIMULATOR stale=false

E (18475) esp-tls-mbedtls: mbedtls_ssl_setup returned -0x7F00

E (18476) esp-tls: create_ssl_handle failed

E (18476) esp-tls: Failed to open new connection

E (18478) transport_base: Failed to open a new connection

E (18485) HTTP_CLIENT: Connection failed, sock < 0

W (18488) gh_backend: Backend request failed: status=0 error=ESP_ERR_HTTP_CONNECT

W (18495) gh_backend: ESP32-S3 snapshot stale=true last_successful_sync_at=1790358943

W (18503) gh_app: Refresh failed: ESP_ERR_HTTP_CONNECT

E (23591) esp-tls-mbedtls: mbedtls_ssl_setup returned -0x7F00

E (23592) esp-tls: create_ssl_handle failed

E (23592) esp-tls: Failed to open new connection

E (23594) transport_base: Failed to open a new connection

E (23601) HTTP_CLIENT: Connection failed, sock < 0

W (23604) gh_backend: Backend request failed: status=0 error=ESP_ERR_HTTP_CONNECT

W (23611) gh_backend: ESP32-S3 snapshot stale=true last_successful_sync_at=1790358943

W (23619) gh_app: Refresh failed: ESP_ERR_HTTP_CONNECT

I (30341) esp-x509-crt-bundle: Certificate validated

I (31183) gh_backend: ESP32-S3 HTTPS request accepted: GET /api/v1/companion/snapshot status=200

I (31188) gh_backend: ESP32-S3 pending Action Set parsed; action_set_id=3 proposal_id=36 actions=4 status=PENDING expired=false

I (31192) gh_backend: ESP32-S3 backend snapshot received; source_mode=SIMULATOR stale=false

E (36294) esp-tls-mbedtls: mbedtls_ssl_setup returned -0x7F00

E (36294) esp-tls: create_ssl_handle failed

E (36295) esp-tls: Failed to open new connection

E (36297) transport_base: Failed to open a new connection

E (36303) HTTP_CLIENT: Connection failed, sock < 0

W (36307) gh_backend: Backend request failed: status=0 error=ESP_ERR_HTTP_CONNECT

W (36314) gh_backend: ESP32-S3 snapshot stale=true last_successful_sync_at=1790358961

W (36321) gh_app: Refresh failed: ESP_ERR_HTTP_CONNECT

E (41409) esp-tls-mbedtls: mbedtls_ssl_setup returned -0x7F00

E (41410) esp-tls: create_ssl_handle failed

E (41410) esp-tls: Failed to open new connection

E (41412) transport_base: Failed to open a new connection

E (41419) HTTP_CLIENT: Connection failed, sock < 0

W (41422) gh_backend: Backend request failed: status=0 error=ESP_ERR_HTTP_CONNECT

W (41429) gh_backend: ESP32-S3 snapshot stale=true last_successful_sync_at=1790358961

W (41437) gh_app: Refresh failed: ESP_ERR_HTTP_CONNECT

I (48220) esp-x509-crt-bundle: Certificate validated

I (49110) gh_backend: ESP32-S3 HTTPS request accepted: GET /api/v1/companion/snapshot status=200

I (49115) gh_backend: ESP32-S3 pending Action Set parsed; action_set_id=3 proposal_id=36 actions=4 status=PENDING expired=false

I (49119) gh_backend: ESP32-S3 backend snapshot received; source_mode=SIMULATOR stale=false

E (54215) esp-tls-mbedtls: mbedtls_ssl_setup returned -0x7F00

E (54215) esp-tls: create_ssl_handle failed

E (54215) esp-tls: Failed to open new connection

E (54218) transport_base: Failed to open a new connection

E (54224) HTTP_CLIENT: Connection failed, sock < 0

W (54228) gh_backend: Backend request failed: status=0 error=ESP_ERR_HTTP_CONNECT

W (54235) gh_backend: ESP32-S3 snapshot stale=true last_successful_sync_at=1790358979

W (54242) gh_app: Refresh failed: ESP_ERR_HTTP_CONNECT

E (59330) esp-tls-mbedtls: mbedtls_ssl_setup returned -0x7F00

E (59331) esp-tls: create_ssl_handle failed

E (59331) esp-tls: Failed to open new connection

E (59333) transport_base: Failed to open a new connection

E (59340) HTTP_CLIENT: Connection failed, sock < 0

W (59343) gh_backend: Backend request failed: status=0 error=ESP_ERR_HTTP_CONNECT

W (59350) gh_backend: ESP32-S3 snapshot stale=true last_successful_sync_at=1790358979

W (59358) gh_app: Refresh failed: ESP_ERR_HTTP_CONNECT

I (66075) esp-x509-crt-bundle: Certificate validated

I (66930) gh_backend: ESP32-S3 HTTPS request accepted: GET /api/v1/companion/snapshot status=200

I (66936) gh_backend: ESP32-S3 pending Action Set parsed; action_set_id=3 proposal_id=36 actions=4 status=PENDING expired=false

I (66940) gh_backend: ESP32-S3 backend snapshot received; source_mode=SIMULATOR stale=false

E (72028) esp-tls-mbedtls: mbedtls_ssl_setup returned -0x7F00

E (72029) esp-tls: create_ssl_handle failed

E (72030) esp-tls: Failed to open new connection

E (72032) transport_base: Failed to open a new connection

E (72038) HTTP_CLIENT: Connection failed, sock < 0

W (72042) gh_backend: Backend request failed: status=0 error=ESP_ERR_HTTP_CONNECT

W (72049) gh_backend: ESP32-S3 snapshot stale=true last_successful_sync_at=1790358997

W (72056) gh_app: Refresh failed: ESP_ERR_HTTP_CONNECT

E (77148) esp-tls-mbedtls: mbedtls_ssl_setup returned -0x7F00

E (77149) esp-tls: create_ssl_handle failed

E (77150) esp-tls: Failed to open new connection

E (77152) transport_base: Failed to open a new connection

E (77158) HTTP_CLIENT: Connection failed, sock < 0

W (77162) gh_backend: Backend request failed: status=0 error=ESP_ERR_HTTP_CONNECT

W (77169) gh_backend: ESP32-S3 snapshot stale=true last_successful_sync_at=1790358997

W (77176) gh_app: Refresh failed: ESP_ERR_HTTP_CONNECT

I (83893) esp-x509-crt-bundle: Certificate validated

I (84737) gh_backend: ESP32-S3 HTTPS request accepted: GET /api/v1/companion/snapshot status=200

I (84742) gh_backend: ESP32-S3 pending Action Set parsed; action_set_id=3 proposal_id=36 actions=4 status=PENDING expired=false

I (84746) gh_backend: ESP32-S3 backend snapshot received; source_mode=SIMULATOR stale=false

E (89851) esp-tls-mbedtls: mbedtls_ssl_setup returned -0x7F00

E (89852) esp-tls: create_ssl_handle failed

E (89852) esp-tls: Failed to open new connection

E (89855) transport_base: Failed to open a new connection

E (89861) HTTP_CLIENT: Connection failed, sock < 0

W (89865) gh_backend: Backend request failed: status=0 error=ESP_ERR_HTTP_CONNECT

W (89872) gh_backend: ESP32-S3 snapshot stale=true last_successful_sync_at=1790359015

W (89879) gh_app: Refresh failed: ESP_ERR_HTTP_CONNECT

E (94967) esp-tls-mbedtls: mbedtls_ssl_setup returned -0x7F00

E (94968) esp-tls: create_ssl_handle failed

E (94968) esp-tls: Failed to open new connection

E (94970) transport_base: Failed to open a new connection

E (94976) HTTP_CLIENT: Connection failed, sock < 0

W (94980) gh_backend: Backend request failed: status=0 error=ESP_ERR_HTTP_CONNECT

W (94987) gh_backend: ESP32-S3 snapshot stale=true last_successful_sync_at=1790359015

W (94995) gh_app: Refresh failed: ESP_ERR_HTTP_CONNECT

I (101782) esp-x509-crt-bundle: Certificate validated

I (102667) gh_backend: ESP32-S3 HTTPS request accepted: GET /api/v1/companion/snapshot status=200

I (102672) gh_backend: ESP32-S3 pending Action Set parsed; action_set_id=3 proposal_id=36 actions=4 status=PENDING expired=false

I (102676) gh_backend: ESP32-S3 backend snapshot received; source_mode=SIMULATOR stale=false

E (107772) esp-tls-mbedtls: mbedtls_ssl_setup returned -0x7F00

E (107773) esp-tls: create_ssl_handle failed

E (107773) esp-tls: Failed to open new connection

E (107776) transport_base: Failed to open a new connection

E (107782) HTTP_CLIENT: Connection failed, sock < 0

W (107786) gh_backend: Backend request failed: status=0 error=ESP_ERR_HTTP_CONNECT

W (107793) gh_backend: ESP32-S3 snapshot stale=true last_successful_sync_at=1790359032

W (107800) gh_app: Refresh failed: ESP_ERR_HTTP_CONNECT

E (112888) esp-tls-mbedtls: mbedtls_ssl_setup returned -0x7F00

E (112889) esp-tls: create_ssl_handle failed

E (112889) esp-tls: Failed to open new connection

E (112891) transport_base: Failed to open a new connection

E (112898) HTTP_CLIENT: Connection failed, sock < 0

W (112902) gh_backend: Backend request failed: status=0 error=ESP_ERR_HTTP_CONNECT

W (112909) gh_backend: ESP32-S3 snapshot stale=true last_successful_sync_at=1790359032

W (112916) gh_app: Refresh failed: ESP_ERR_HTTP_CONNECT

I (119746) esp-x509-crt-bundle: Certificate validated

I (120590) gh_backend: ESP32-S3 HTTPS request accepted: GET /api/v1/companion/snapshot status=200

I (120595) gh_backend: ESP32-S3 pending Action Set parsed; action_set_id=3 proposal_id=36 actions=4 status=PENDING expired=false

I (120599) gh_backend: ESP32-S3 backend snapshot received; source_mode=SIMULATOR stale=false

E (125688) esp-tls-mbedtls: mbedtls_ssl_setup returned -0x7F00

E (125689) esp-tls: create_ssl_handle failed

E (125690) esp-tls: Failed to open new connection

E (125692) transport_base: Failed to open a new connection

E (125698) HTTP_CLIENT: Connection failed, sock < 0

W (125702) gh_backend: Backend request failed: status=0 error=ESP_ERR_HTTP_CONNECT

W (125709) gh_backend: ESP32-S3 snapshot stale=true last_successful_sync_at=1790359050

W (125717) gh_app: Refresh failed: ESP_ERR_HTTP_CONNECT

E (130816) esp-tls-mbedtls: mbedtls_ssl_setup returned -0x7F00

E (130817) esp-tls: create_ssl_handle failed

E (130817) esp-tls: Failed to open new connection

E (130820) transport_base: Failed to open a new connection

E (130826) HTTP_CLIENT: Connection failed, sock < 0

W (130830) gh_backend: Backend request failed: status=0 error=ESP_ERR_HTTP_CONNECT

W (130837) gh_backend: ESP32-S3 snapshot stale=true last_successful_sync_at=1790359050

W (130845) gh_app: Refresh failed: ESP_ERR_HTTP_CONNECT

I (137553) esp-x509-crt-bundle: Certificate validated

I (138403) gh_backend: ESP32-S3 HTTPS request accepted: GET /api/v1/companion/snapshot status=200

I (138409) gh_backend: ESP32-S3 pending Action Set parsed; action_set_id=3 proposal_id=36 actions=4 status=PENDING expired=false

I (138413) gh_backend: ESP32-S3 backend snapshot received; source_mode=SIMULATOR stale=false

E (143512) esp-tls-mbedtls: mbedtls_ssl_setup returned -0x7F00

E (143513) esp-tls: create_ssl_handle failed

E (143513) esp-tls: Failed to open new connection

E (143515) transport_base: Failed to open a new connection

E (143522) HTTP_CLIENT: Connection failed, sock < 0

W (143526) gh_backend: Backend request failed: status=0 error=ESP_ERR_HTTP_CONNECT

W (143533) gh_backend: ESP32-S3 snapshot stale=true last_successful_sync_at=1790359068

W (143540) gh_app: Refresh failed: ESP_ERR_HTTP_CONNECT

E (148627) esp-tls-mbedtls: mbedtls_ssl_setup returned -0x7F00

E (148628) esp-tls: create_ssl_handle failed

E (148628) esp-tls: Failed to open new connection

E (148630) transport_base: Failed to open a new connection

E (148637) HTTP_CLIENT: Connection failed, sock < 0

W (148641) gh_backend: Backend request failed: status=0 error=ESP_ERR_HTTP_CONNECT

W (148648) gh_backend: ESP32-S3 snapshot stale=true last_successful_sync_at=1790359068

W (148655) gh_app: Refresh failed: ESP_ERR_HTTP_CONNECT

I (155375) esp-x509-crt-bundle: Certificate validated

I (156250) gh_backend: ESP32-S3 HTTPS request accepted: GET /api/v1/companion/snapshot status=200

I (156256) gh_backend: ESP32-S3 pending Action Set parsed; action_set_id=3 proposal_id=36 actions=4 status=PENDING expired=false

I (156259) gh_backend: ESP32-S3 backend snapshot received; source_mode=SIMULATOR stale=false

E (161363) esp-tls-mbedtls: mbedtls_ssl_setup returned -0x7F00

E (161364) esp-tls: create_ssl_handle failed

E (161364) esp-tls: Failed to open new connection

E (161366) transport_base: Failed to open a new connection

E (161373) HTTP_CLIENT: Connection failed, sock < 0

W (161376) gh_backend: Backend request failed: status=0 error=ESP_ERR_HTTP_CONNECT

W (161383) gh_backend: ESP32-S3 snapshot stale=true last_successful_sync_at=1790359086

W (161391) gh_app: Refresh failed: ESP_ERR_HTTP_CONNECT

E (166484) esp-tls-mbedtls: mbedtls_ssl_setup returned -0x7F00

E (166485) esp-tls: create_ssl_handle failed

E (166485) esp-tls: Failed to open new connection

E (166487) transport_base: Failed to open a new connection

E (166494) HTTP_CLIENT: Connection failed, sock < 0

W (166498) gh_backend: Backend request failed: status=0 error=ESP_ERR_HTTP_CONNECT

W (166505) gh_backend: ESP32-S3 snapshot stale=true last_successful_sync_at=1790359086

W (166512) gh_app: Refresh failed: ESP_ERR_HTTP_CONNECT

I (173290) esp-x509-crt-bundle: Certificate validated

I (174129) gh_backend: ESP32-S3 HTTPS request accepted: GET /api/v1/companion/snapshot status=200

I (174135) gh_backend: ESP32-S3 pending Action Set parsed; action_set_id=3 proposal_id=36 actions=4 status=PENDING expired=false

I (174139) gh_backend: ESP32-S3 backend snapshot received; source_mode=SIMULATOR stale=false

E (179251) esp-tls-mbedtls: mbedtls_ssl_setup returned -0x7F00

E (179252) esp-tls: create_ssl_handle failed

E (179252) esp-tls: Failed to open new connection

E (179255) transport_base: Failed to open a new connection

E (179261) HTTP_CLIENT: Connection failed, sock < 0

W (179265) gh_backend: Backend request failed: status=0 error=ESP_ERR_HTTP_CONNECT

W (179272) gh_backend: ESP32-S3 snapshot stale=true last_successful_sync_at=1790359104

W (179280) gh_app: Refresh failed: ESP_ERR_HTTP_CONNECT

E (184366) esp-tls-mbedtls: mbedtls_ssl_setup returned -0x7F00

E (184367) esp-tls: create_ssl_handle failed

E (184368) esp-tls: Failed to open new connection

E (184370) transport_base: Failed to open a new connection

E (184376) HTTP_CLIENT: Connection failed, sock < 0

W (184380) gh_backend: Backend request failed: status=0 error=ESP_ERR_HTTP_CONNECT

W (184387) gh_backend: ESP32-S3 snapshot stale=true last_successful_sync_at=1790359104

W (184395) gh_app: Refresh failed: ESP_ERR_HTTP_CONNECT

I (191178) esp-x509-crt-bundle: Certificate validated

I (192059) gh_backend: ESP32-S3 HTTPS request accepted: GET /api/v1/companion/snapshot status=200

I (192064) gh_backend: ESP32-S3 pending Action Set parsed; action_set_id=3 proposal_id=36 actions=4 status=PENDING expired=false

I (192068) gh_backend: ESP32-S3 backend snapshot received; source_mode=SIMULATOR stale=false



