Activating ESP-IDF 5.5
Setting IDF_PATH to 'D:\Espressif\frameworks\esp-idf-v5.5.5'.
* Checking python version ... 3.11.2
* Checking python dependencies ... OK
* Deactivating the current ESP-IDF environment (if any) ... OK
* Establishing a new ESP-IDF environment ... OK
* Identifying shell ... cmd.exe
* Detecting outdated tools in system ... Found tools that are not used by active ESP-IDF version.
For removing old versions of amazon-corretto-11-x64-windows-jdk, ccache, cmake, esp-clang, esp-rom-elfs, espressif-ide, idf-driver, idf-python-wheels, ninja, openocd-esp32, riscv32-esp-elf, riscv32-esp-elf-gdb, xtensa-esp-elf, xtensa-esp-elf-gdb use 
command 'python.exe D:\Espressif\frameworks\esp-idf-v5.5.5\tools\idf_tools.py uninstall'
To free up even more space, remove installation packages of those tools.
Use option python.exe D:\Espressif\frameworks\esp-idf-v5.5.5\tools\idf_tools.py uninstall --remove-archives.
Executing action: all (aliases: build)
Running ninja in directory D:\ESPProject\guangheng_energy_companion\build
Executing "ninja all"...
[1/9] Performing build step for 'bootloader'

[1/1] C:\WINDOWS\system32\cmd.exe /C "cd /D D:\ESPProject\guangheng_energy_companion\build\bootloader\esp-idf\esptool_py && D:\Espressif\python_env\idf5.5_py3.11_env\Scripts\python.exe D:/Espressif/frameworks/esp-idf-v5.5.5/components/partition_table/check_sizes.py --offset 0x8000 bootloader 0x0 D:/ESPProject/guangheng_energy_companion/build/bootloader/bootloader.bin"


Bootloader binary size 0x5160 bytes. 0x2ea0 bytes (36%) free.



[2/9] No install step for 'bootloader'

[3/9] Completed 'bootloader'

[4/9] Building C object esp-idf/main/CMakeFiles/__idf_main.dir/gh_imu.c.obj

[5/9] Linking C static library esp-idf\main\libmain.a

[6/9] Generating esp-idf/esp_system/ld/sections.ld

[7/9] Linking CXX executable guangheng_energy_companion.elf

[8/9] Generating binary image from built executable

esptool.py v4.12.0


Creating esp32s3 image...


Merged 2 ELF sections


Successfully created esp32s3 image.


Generated D:/ESPProject/guangheng_energy_companion/build/guangheng_energy_companion.bin

[9/9] C:\WINDOWS\system32\cmd.exe /C "cd /D D:\ESPProject\guangheng_energy_companion\build\esp-idf\esptool_py && D:\Espressif\python_env\idf5.5_py3.11_env\Scripts\python.exe D:/Espressif/frameworks/esp-idf-v5.5.5/components/partition_table/check_sizes.py --offset 0x8000 partition --type app D:/ESPProject/guangheng_energy_companion/build/partition_table/partition-table.bin D:/ESPProject/guangheng_energy_companion/build/guangheng_energy_companion.bin"

guangheng_energy_companion.bin binary size 0x310740 bytes. Smallest app partition is 0x600000 bytes. 0x2ef8c0 bytes (49%) free.




Project build complete. To flash, run:
 idf.py flash
or
 idf.py -p PORT flash
or
 python -m esptool --chip esp32s3 -b 460800 --before default_reset --after hard_reset write_flash --flash_mode dio --flash_size 16MB --flash_freq 80m 0x0 build\bootloader\bootloader.bin 0x8000 build\partition_table\partition-table.bin 0xf000 build\ota_data_initial.bin 0x20000 build\guangheng_energy_companion.bin
or from the "D:\ESPProject\guangheng_energy_companion\build" directory
 python -m esptool --chip esp32s3 -b 460800 --before default_reset --after hard_reset write_flash "@flash_args"
