Activating ESP-IDF 5.5
Setting IDF_PATH to 'D:\Espressif\frameworks\esp-idf-v5.5.5'.
* Checking python version ... 3.11.2
* Checking python dependencies ... OK
* Deactivating the current ESP-IDF environment (if any) ... OK
* Establishing a new ESP-IDF environment ... OK
* Identifying shell ... cmd.exe
* Detecting outdated tools in system ... Found tools that are not used by active ESP-IDF version.
For removing old versions of amazon-corretto-11-x64-windows-jdk, ccache, cmake, esp-clang, esp-rom-elfs, espressif-ide, idf-driver, idf-python-wheels, ninja, openocd-esp32, riscv32-esp-elf, riscv32-esp-elf-gdb, xtensa-esp-elf, xtensa-esp-elf-gdb use 
command 'python.exe D:\Espressif\frameworks\esp-idf-v5.5.5\tools\idf_tools.py uninstall'
To free up even more space, remove installation packages of those tools.
Use option python.exe D:\Espressif\frameworks\esp-idf-v5.5.5\tools\idf_tools.py uninstall --remove-archives.
Executing action: flash
Running ninja in directory D:\ESPProject\guangheng_energy_companion\build
Executing "ninja flash"...
[1/5] C:\WINDOWS\system32\cmd.exe /C "cd /D D:\ESPProject\guangheng_energy_companion\build\esp-idf\esptool_py && D:\Espressif\python_env\idf5.5_py3.11_env\Scripts\python.exe D:/Espressif/frameworks/esp-idf-v5.5.5/components/partition_table/check_sizes.py --offset 0x8000 partition --type app D:/ESPProject/guangheng_energy_companion/build/partition_table/partition-table.bin D:/ESPProject/guangheng_energy_companion/build/guangheng_energy_companion.bin"

guangheng_energy_companion.bin binary size 0x310740 bytes. Smallest app partition is 0x600000 bytes. 0x2ef8c0 bytes (49%) free.


[2/5] Performing build step for 'bootloader'

[1/1] C:\WINDOWS\system32\cmd.exe /C "cd /D D:\ESPProject\guangheng_energy_companion\build\bootloader\esp-idf\esptool_py && D:\Espressif\python_env\idf5.5_py3.11_env\Scripts\python.exe D:/Espressif/frameworks/esp-idf-v5.5.5/components/partition_table/check_sizes.py --offset 0x8000 bootloader 0x0 D:/ESPProject/guangheng_energy_companion/build/bootloader/bootloader.bin"


Bootloader binary size 0x5160 bytes. 0x2ea0 bytes (36%) free.



[3/5] No install step for 'bootloader'

[4/5] Completed 'bootloader'

[4/5] C:\WINDOWS\system32\cmd.exe /C "cd /D D:\Espressif\frameworks\esp-idf-v5.5.5\components\esptool_py && D:\Espressif\tools\cmake\3.30.2\bin\cmake.exe -D IDF_PATH=D:/Espressif/frameworks/esp-idf-v5.5.5 -D SERIAL_TOOL=D:/Espressif/python_env/idf5.5_py3.11_env/Scripts/python.exe;;D:/Espressif/frameworks/esp-idf-v5.5.5/components/esptool_py/esptool/esptool.py;--chip;esp32s3 -D SERIAL_TOOL_ARGS=--before=default_reset;--after=hard_reset;write_flash;@flash_args -D WORKING_DIRECTORY=D:/ESPProject/guangheng_energy_companion/build -P D:/Espressif/frameworks/esp-idf-v5.5.5/components/esptool_py/run_serial_tool.cmake"

esptool.py --chip esp32s3 -p COM10 -b 460800 --before=default_reset --after=hard_reset write_flash --flash_mode dio --flash_freq 80m --flash_size 16MB 0x0 bootloader/bootloader.bin 0x20000 guangheng_energy_companion.bin 0x8000 partition_table/partition-table.bin 0xf000 ota_data_initial.bin

esptool.py v4.12.0

Serial port COM10

Connecting...

Chip is ESP32-S3 (QFN56) (revision v0.2)

Features: WiFi, BLE, Embedded PSRAM 8MB (AP_3v3)

Crystal is 40MHz

USB mode: USB-Serial/JTAG

MAC: 90:70:69:fe:a9:3c

Uploading stub...

Running stub...

Stub running...

Changing baud rate to 460800

Changed.

Configuring flash size...

Flash will be erased from 0x00000000 to 0x00005fff...

Flash will be erased from 0x00020000 to 0x00330fff...

Flash will be erased from 0x00008000 to 0x00008fff...

Flash will be erased from 0x0000f000 to 0x00010fff...

SHA digest in image updated

Compressed 20832 bytes to 13349...

Writing at 0x00000000... (100 %)

Wrote 20832 bytes (13349 compressed) at 0x00000000 in 0.2 seconds (effective 715.7 kbit/s)...

Hash of data verified.

Compressed 3213120 bytes to 2169102...

Writing at 0x00020000... (0 %)

Writing at 0x0002c287... (1 %)

Writing at 0x0003a6b5... (2 %)

Writing at 0x00046288... (3 %)

Writing at 0x000524b0... (3 %)

Writing at 0x0005e5e1... (4 %)

Writing at 0x0006accc... (5 %)

Writing at 0x00072054... (6 %)

Writing at 0x00077023... (6 %)

Writing at 0x0007beb4... (7 %)

Writing at 0x00080deb... (8 %)

Writing at 0x00085c44... (9 %)

Writing at 0x0008ac41... (9 %)

Writing at 0x0008f8a6... (10 %)

Writing at 0x000949f6... (11 %)

Writing at 0x00099745... (12 %)

Writing at 0x0009e0d2... (12 %)

Writing at 0x000a2a23... (13 %)

Writing at 0x000a76d4... (14 %)

Writing at 0x000ac454... (15 %)

Writing at 0x000b0c41... (15 %)

Writing at 0x000b5fe7... (16 %)

Writing at 0x000bb022... (17 %)

Writing at 0x000bfa38... (18 %)

Writing at 0x000c4345... (18 %)

Writing at 0x000c8ef9... (19 %)

Writing at 0x000cdb15... (20 %)

Writing at 0x000d2395... (21 %)

Writing at 0x000d6cae... (21 %)

Writing at 0x000dbfbe... (22 %)

Writing at 0x000e7cd5... (23 %)

Writing at 0x000f388f... (24 %)

Writing at 0x000ff3f6... (24 %)

Writing at 0x001073da... (25 %)

Writing at 0x0010c3c2... (26 %)

Writing at 0x001117d6... (27 %)

Writing at 0x00116899... (27 %)

Writing at 0x0011b8a6... (28 %)

Writing at 0x0012096c... (29 %)

Writing at 0x001257c2... (30 %)

Writing at 0x0012a903... (30 %)

Writing at 0x0012f87d... (31 %)

Writing at 0x00134549... (32 %)

Writing at 0x001393e8... (33 %)

Writing at 0x0013df69... (33 %)

Writing at 0x0014295d... (34 %)

Writing at 0x001477fe... (35 %)

Writing at 0x0014c553... (36 %)

Writing at 0x0015154e... (36 %)

Writing at 0x00155e20... (37 %)

Writing at 0x0015abe9... (38 %)

Writing at 0x0016092a... (39 %)

Writing at 0x0016562d... (39 %)

Writing at 0x0016a18e... (40 %)

Writing at 0x0016edbf... (41 %)

Writing at 0x00173afe... (42 %)

Writing at 0x001784d9... (42 %)

Writing at 0x0017d204... (43 %)

Writing at 0x00181ca8... (44 %)

Writing at 0x001865bd... (45 %)

Writing at 0x0018af79... (45 %)

Writing at 0x0019239d... (46 %)

Writing at 0x0019aa8d... (47 %)

Writing at 0x001a4b26... (48 %)

Writing at 0x001af5fd... (48 %)

Writing at 0x001b4fb1... (49 %)

Writing at 0x001b9db8... (50 %)

Writing at 0x001bf176... (51 %)

Writing at 0x001c5c89... (51 %)

Writing at 0x001d08f0... (52 %)

Writing at 0x001d65b7... (53 %)

Writing at 0x001dc28f... (54 %)

Writing at 0x001e19cf... (54 %)

Writing at 0x001e7535... (55 %)

Writing at 0x001ece01... (56 %)

Writing at 0x001f27ba... (57 %)

Writing at 0x001f8139... (57 %)

Writing at 0x001fd95e... (58 %)

Writing at 0x002033b7... (59 %)

Writing at 0x00208900... (60 %)

Writing at 0x0020e3dd... (60 %)

Writing at 0x00214138... (61 %)

Writing at 0x0021948c... (62 %)

Writing at 0x0021e382... (63 %)

Writing at 0x0022378b... (63 %)

Writing at 0x00229cac... (64 %)

Writing at 0x0022ea6b... (65 %)

Writing at 0x00233af8... (66 %)

Writing at 0x00238c6c... (66 %)

Writing at 0x0023dea3... (67 %)

Writing at 0x00242e71... (68 %)

Writing at 0x00247f7f... (69 %)

Writing at 0x0024deaa... (69 %)

Writing at 0x00253b33... (70 %)

Writing at 0x00259804... (71 %)

Writing at 0x0025f345... (72 %)

Writing at 0x00264d40... (72 %)

Writing at 0x0026acd2... (73 %)

Writing at 0x00270268... (74 %)

Writing at 0x00275ce9... (75 %)

Writing at 0x0027b746... (75 %)

Writing at 0x00280906... (76 %)

Writing at 0x00285f21... (77 %)

Writing at 0x0028b60f... (78 %)

Writing at 0x00290c97... (78 %)

Writing at 0x00295f39... (79 %)

Writing at 0x0029b106... (80 %)

Writing at 0x002a0466... (81 %)

Writing at 0x002a5d1b... (81 %)

Writing at 0x002ab2df... (82 %)

Writing at 0x002b069f... (83 %)

Writing at 0x002b5c1e... (84 %)

Writing at 0x002bc129... (84 %)

Writing at 0x002c0fd8... (85 %)

Writing at 0x002c614d... (86 %)

Writing at 0x002cb522... (87 %)

Writing at 0x002d06a7... (87 %)

Writing at 0x002d5a78... (88 %)

Writing at 0x002dabf5... (89 %)

Writing at 0x002dfd4c... (90 %)

Writing at 0x002e572c... (90 %)

Writing at 0x002eae3c... (91 %)

Writing at 0x002f06f9... (92 %)

Writing at 0x002f65a9... (93 %)

Writing at 0x002ff710... (93 %)

Writing at 0x00305081... (94 %)

Writing at 0x0030a845... (95 %)

Writing at 0x0031268a... (96 %)

Writing at 0x00317818... (96 %)

Writing at 0x0031d0ab... (97 %)

Writing at 0x00322c77... (98 %)

Writing at 0x00328dce... (99 %)

Writing at 0x0032dda2... (100 %)

Wrote 3213120 bytes (2169102 compressed) at 0x00020000 in 18.3 seconds (effective 1401.2 kbit/s)...

Hash of data verified.

Compressed 3072 bytes to 161...

Writing at 0x00008000... (100 %)

Wrote 3072 bytes (161 compressed) at 0x00008000 in 0.0 seconds (effective 811.3 kbit/s)...

Hash of data verified.

Compressed 8192 bytes to 31...

Writing at 0x0000f000... (100 %)

Wrote 8192 bytes (31 compressed) at 0x0000f000 in 0.0 seconds (effective 1564.4 kbit/s)...

Hash of data verified.



Leaving...

Hard resetting via RTS pin...

Done
